// Jest Snapshot v1, https://goo.gl/fbAQLP

exports[`Avatar Should match snapshot 1`] = `
<DocumentFragment>
  .c0 {
  width: 2em;
  height: 2em;
}

<img
    class="c0"
    src="/test.png"
  />
</DocumentFragment>
`;
